# loss log for training starting in 2025-11-19 17:11:09
epoch, loss, val_loss
1,9.05536628,9.43576241
2,9.05536636,8.82922459
3,9.05536636,10.05349064
4,9.05536636,10.87579060
5,9.05536636,13.75189781
6,9.05536636,14.19834518
7,9.05536636,12.11371708
8,9.05536636,5.00658226
9,9.05536636,4.08351898
10,9.05536636,2.96363544
11,9.05536636,2.48529959
12,9.05536636,4.99492311
13,9.05536636,5.32155943
14,9.05536636,5.59839249
15,9.05536636,4.89461851
16,9.05536636,5.45302963
17,9.05536636,3.71323776
18,9.05536636,6.81343079
19,9.05536636,6.21473694
20,9.05536636,3.43236661
21,9.05536636,4.19655228
22,9.05536636,2.77251625
23,9.05536636,1.58715713
24,9.05536636,2.56072187
25,9.05536636,3.60900974
26,9.05536636,3.55649805
27,9.05536636,5.57444906
28,9.05536636,2.30077410
29,9.05536636,3.35820603
30,9.05536636,7.82384872
31,9.05536636,10.39691448
32,9.05536636,9.95205307
33,9.05536636,10.66032028
34,9.05536636,11.03042698
35,9.05536636,14.27608395
36,9.05536636,12.53159904
37,9.05536636,15.64132214
38,9.05536636,15.55416489
39,9.05536636,14.91523647
40,9.05536636,14.91523647
41,9.05536636,17.71778488
42,9.05536636,8.89127636
43,9.05536636,13.17711353
44,9.05536636,10.72448444
45,9.05536636,14.71862888
46,9.05536636,11.33387184
47,9.05536636,11.19334507
48,9.05536636,11.53005314
49,9.05536636,15.16072655
50,9.05536636,14.53062916
51,9.05536636,14.46878433
52,9.05536636,13.36313343
53,9.05536636,13.12351513
54,9.05536636,16.65571404
55,9.05536636,19.38063431
56,9.05536636,19.11850929
57,9.05536636,19.11850929
58,9.05536636,22.12797546
59,9.05536636,20.76927567
60,9.05536636,21.87374878
61,9.05536636,17.98504448
62,9.05536636,17.98504448
63,9.05536636,18.40522957
64,9.05536636,16.90827179
65,9.05536636,16.17737198
66,9.05536636,11.47437668
67,9.05536636,11.43660831
68,9.05536636,13.00621605
69,9.05536636,16.34462547
70,9.05536636,12.65829659
71,9.05536636,9.11764145
72,9.05536636,15.11510181
73,9.05536636,15.11162472
74,9.05536636,15.11162472
75,9.05536636,15.11162472
76,9.05536636,13.39045429
77,9.05536636,18.01847649
78,9.05536636,15.60502434
79,9.05536636,14.99210262
80,9.05536636,17.67618942
81,9.05536636,17.55312729
82,9.05536636,12.69967651
83,9.05536636,12.69967651
84,9.05536636,14.73809910
85,9.05536636,13.82834530
86,9.05536636,13.82834530
87,9.05536636,15.78502846
88,9.05536636,15.64241028
89,9.05536636,16.35647011
90,9.05536636,16.35647011
91,9.05536636,15.65931606
92,9.05536636,15.65931606
93,9.05536636,18.49474907
94,9.05536636,13.78630161
95,9.05536636,13.78630161
96,9.05536636,12.31142998
97,9.05536636,12.43714046
98,9.05536636,14.01014996
99,9.05536636,15.93777657
